[max-themes.net/demos/kreata/index.html]
[backblue.gif]
[fade.gif]
[index.html]
[max-themes.net/demos/kreata/css/normalize.css]
[max-themes.net/demos/kreata/css/layout.css]
[max-themes.net/demos/kreata/css/style.css]
[max-themes.net/demos/kreata/images/favicon.png]
[max-themes.net/demos/kreata/images/webclip.png]
[max-themes.net/demos/kreata/index-2.html]
[max-themes.net/demos/kreata/images/logo.png]
[max-themes.net/demos/kreata/about.html]
[max-themes.net/demos/kreata/work.html]
[max-themes.net/demos/kreata/blog.html]
[max-themes.net/demos/kreata/contact.html]
[max-themes.net/demos/kreata/images/about-icon.png]
[max-themes.net/demos/kreata/images/tab2.jpg]
[max-themes.net/demos/kreata/images/arrow-white_1arrow-white.png]
[max-themes.net/demos/kreata/images/bd5490189531121.65ad1a5c48c1a.png]
[max-themes.net/demos/kreata/images/int-3.png]
[max-themes.net/demos/kreata/images/insights_1insights.png]
[max-themes.net/demos/kreata/images/projects_1projects.png]
[max-themes.net/demos/kreata/images/project1.png]
[max-themes.net/demos/kreata/singleproject.html]
[max-themes.net/demos/kreata/images/project2.png]
[max-themes.net/demos/kreata/images/project3.png]
[max-themes.net/demos/kreata/images/ser-img1.png]
[max-themes.net/demos/kreata/images/tab3.jpg]
[max-themes.net/demos/kreata/images/acc.png]
[max-themes.net/demos/kreata/images/logoipsum-236.svg]
[max-themes.net/demos/kreata/images/logoipsum-297.svg]
[max-themes.net/demos/kreata/images/logoipsum-264.svg]
[max-themes.net/demos/kreata/images/logoipsum-259.svg]
[max-themes.net/demos/kreata/images/logoipsum-342.svg]
[max-themes.net/demos/kreata/images/logoipsum-364.svg]
[max-themes.net/demos/kreata/images/logoipsum-343.svg]
[max-themes.net/demos/kreata/images/logoipsum-333.svg]
[max-themes.net/demos/kreata/singleblog.html]
[max-themes.net/demos/kreata/images/img6.png]
[max-themes.net/demos/kreata/images/img7.jpg]
[max-themes.net/demos/kreata/images/img1.png]
[max-themes.net/demos/kreata/images/arrow-white_2arrow-white.png]
[max-themes.net/demos/kreata/images/footer-arrow.png]
[max-themes.net/demos/kreata/js/webfont.js]
[max-themes.net/demos/kreata/js/jquery.min.js]
[max-themes.net/demos/kreata/index.html]
[max-themes.net/demos/kreata/css/normalize.css]
[max-themes.net/demos/kreata/css/layout.css]
[max-themes.net/demos/kreata/js/plugins.js]
[max-themes.net/demos/kreata/images/bg2.png]
[max-themes.net/demos/kreata/images/bg.png]
[max-themes.net/demos/kreata/images/text-bg.jpg]
[max-themes.net/demos/kreata/css/style.css]
[max-themes.net/demos/kreata/index-2.html]
[max-themes.net/demos/kreata/images/fb-icon_1fb-icon.png]
[max-themes.net/demos/kreata/images/linkedin-icon_1linkedin-icon.png]
[max-themes.net/demos/kreata/images/twitter-icon_1twitter-icon.png]
[max-themes.net/demos/kreata/images/instagram-icon_1instagram-icon.png]
[max-themes.net/demos/kreata/images/team3.png]
[max-themes.net/demos/kreata/images/team2.png]
[max-themes.net/demos/kreata/images/team1.png]
[max-themes.net/demos/kreata/about.html]
[max-themes.net/demos/kreata/images/project4.jpg]
[max-themes.net/demos/kreata/images/project5.jpg]
[max-themes.net/demos/kreata/images/project6.png]
[d3e54v103j8qbb.cloudfront.net/js/jquery-3.5.1.min.dc5e7f18c89921.js]
[max-themes.net/demos/kreata/js/webflow.js]
[max-themes.net/demos/kreata/work.html]
[max-themes.net/demos/kreata/images/img4.jpg]
[max-themes.net/demos/kreata/blog.html]
[max-themes.net/demos/kreata/images/arrow-elbow_1arrow-elbow.png]
[max-themes.net/demos/kreata/images/small-arrow_1small-arrow.png]
[max-themes.net/demos/kreata/contact.html]
[max-themes.net/demos/kreata/singleproject.html]
[max-themes.net/demos/kreata/images/logoipsum-236.svg]
[max-themes.net/demos/kreata/images/logoipsum-297.svg]
[max-themes.net/demos/kreata/images/logoipsum-264.svg]
[max-themes.net/demos/kreata/images/logoipsum-259.svg]
[max-themes.net/demos/kreata/images/logoipsum-342.svg]
[max-themes.net/demos/kreata/images/logoipsum-364.svg]
[max-themes.net/demos/kreata/images/logoipsum-343.svg]
[max-themes.net/demos/kreata/images/logoipsum-333.svg]
[max-themes.net/demos/kreata/singleblog.html]
[max-themes.net/demos/kreata/js/webfont.js]
[max-themes.net/demos/kreata/js/jquery.min.js]
[max-themes.net/demos/kreata/Moment Timezone requires Moment.js. See https_/momentjs.com/timezone/docs/index.html]
[max-themes.net/demos/kreata/${a.url}]
[max-themes.net/demos/kreata/${a}]
[challenges.cloudflare.com/turnstile/v0/b/d251aa49a8a3/api.js]
[max-themes.net/demos/kreata/${e}]
[max-themes.net/demos/kreata/js/plugins.js]
[max-themes.net/demos/kreata/js/webflow.html]
[max-themes.net/demos/kreata/Moment Timezone requires Moment.js. See https_/momentjs.com/timezone/docs/index.html]
[max-themes.net/demos/kreata/${a.html]
[max-themes.net/demos/kreata/${a}.html]
[max-themes.net/demos/kreata/${e}.html]
[max-themes.net/demos/kreata/$1/index.html]
[max-themes.net/demos/kreata/$1/index.html]
