[folioblox.framer.website/index.html]
[backblue.gif]
[fade.gif]
[index.html]
[framerusercontent.com/sites/icons/default-favicon-light.v1.png]
[framerusercontent.com/sites/icons/default-favicon-dark.v1.png]
[framerusercontent.com/sites/icons/default-touch-icon.v3.png]
[folioblox.framer.website/about.html]
[folioblox.framer.website/projects.html]
[folioblox.framer.website/contact.html]
[framerusercontent.com/images/4ygVN2ocITRpp7i9eGqyiHBOg.png]
[framerusercontent.com/images/AiCw18EuS3LEiWfyygW6If5Pgpg.png]
[framerusercontent.com/images/mFFBRLiW0561Arhw7VM4YvLl4.png]
[framerusercontent.com/images/mfO8ICr5tmZdmEIYKPmdTeN0n1U.png]
[framerusercontent.com/images/0dsxPTL0EjSbZywNFRQyxsRGidM.png]
[framerusercontent.com/images/DW3jiuq0Foo1qNor2qLPpsXfXs.png]
[framerusercontent.com/images/Bwa3k5FBSpRuh5NvcduC8WFKrL0bf23.png]
[framerusercontent.com/images/hQ6XzXBgqVuEI8ZXtTLutVTQIbf23.png]
[framerusercontent.com/images/HZdjexFoqBMrxghr8TS9FoZcIGYbf23.png]
[framerusercontent.com/images/Bwa3k5FBSpRuh5NvcduC8WFKrL0.png]
[folioblox.framer.website/projects/dream-area.html]
[framerusercontent.com/images/ODJhWRk5wCb5cybdLgcKObVbwk.png]
[folioblox.framer.website/projects/orange-blox.html]
[framerusercontent.com/images/O8kqDvhJzW7n3I7u4UE4VTZIEas.png]
[folioblox.framer.website/projects/nova-scene.html]
[framerusercontent.com/images/Z0wzfJJFZ1XXliQMkkyTblccl8.png]
[framerusercontent.com/images/UDJP31wncHhQIeHpP71sOxT5w.png]
[framerusercontent.com/images/elLOZyvvu6OMXXr3qe1u4DI5jn4.png]
[framerusercontent.com/images/JEq0RKaEAd63bBZdjzTcG0LZaM.png]
[framerusercontent.com/images/du95C2rwpCVgnWYG0ZAXlX804Rg.png]
[framerusercontent.com/images/WLvvrdYeI0Vxl27KQ8J7EYjCLw.png]
[framerusercontent.com/images/wqOww1yZAXcCwfondiWHsD3XA.png]
[framerusercontent.com/images/JM1nI2PJZ1ATiQstQJ9CTfU2mk.png]
[framerusercontent.com/images/Z1Nmm1vGXXn1hP8KdHamuJ3DQ8U.png]
[framerusercontent.com/images/BEeoXePZVGmIOSGR0fFyBM25tzQ.png]
[framerusercontent.com/images/pW6uVIN5ZIKHxF8ZgLqF8HE7P7k.png]
[framerusercontent.com/images/cs9Us4rLL9DxxXAgfcZwNqA5Qhk.png]
[framerusercontent.com/images/dAio0KHRY7lHrZi8wg3eNt62sQk.png]
[framerusercontent.com/images/rBhlRqKtaT1HJXWYXIk0blfFQ.png]
[framerusercontent.com/images/yvhQLfcVfRDA4M8BE59k74bo.png]
[framerusercontent.com/images/mD4mCX4zs3XDBDDH3fIGnZMaBE.png]
[framerusercontent.com/images/OAI2GR5QfVyXe6tLG5H5I7BfgDU.png]
[framerusercontent.com/images/fOekqWbHEGdI4xWeC1u2BievpAA.png]
[framerusercontent.com/images/pSL5aqSyUHATfc7UClkea07ckBQ.png]
[framerusercontent.com/images/r72INJM6WyYyUt2QKEmc4IqpLQ.png]
[framerusercontent.com/images/k64jd9JZg2STpec9ROq9XmXmzrs.png]
[framerusercontent.com/images/ZO6lES4B41lQATC9ecdPYTbor8c.png]
[framerusercontent.com/images/I5fpAlAeq8Ik29TDzZdI0SIvoSA.png]
[framerusercontent.com/images/lcWr1znAl9tuUP2bGjitW4cIpGw.png]
[folioblox.framer.website/index.html]
[framerusercontent.com/images/U1fDrHZtMLehOrjrnYlkEfhO48.png]
[framerusercontent.com/images/TZ6BWwuI50JmJzEOFOMkXB5JXVk.png]
[framerusercontent.com/images/Ihzs3g7ehCMQLuPKA4RcRZqWdno.png]
[framerusercontent.com/images/e0FkdiSOGxltpb5MtRn4baq1apw.png]
[folioblox.framer.website/about.html]
[framerusercontent.com/images/JOqvhPEZu18F6qYfiLZFYW4RiBo.png]
[folioblox.framer.website/projects/arched-pink.html]
[folioblox.framer.website/projects/liquid.html]
[framerusercontent.com/images/unPTlAup0AJPIvdR2osrG3Qnb0.png]
[folioblox.framer.website/projects.html]
[folioblox.framer.website/contact.html]
[folioblox.framer.website/projects/fluid-shapes.html]
[framerusercontent.com/images/DmyDl6OIzc9oyFIAHyDBWtJuQ.png]
[framerusercontent.com/images/G7w1aH5MppBhYnFXU0L2J5MVEk.png]
[framerusercontent.com/images/cJrPyO2SB1n5VyP5KERn6I3LoA.png]
[framerusercontent.com/images/dmGsKBU5PNvcbiVcyJaYTltb7Js.png]
[framerusercontent.com/images/DRXLOdIJeGRFKwoTPtMBjXLfg.png]
[folioblox.framer.website/projects/dream-area.html]
[framerusercontent.com/images/FYJQRM83AXTVaNxXrmMjTR44.png]
[framerusercontent.com/images/4UUrn1fkodRjvUiHf7LV9WrL4.png]
[folioblox.framer.website/projects/orange-blox.html]
[framerusercontent.com/images/VknMOsFVXWhKJ6iX3FFW16ahY.png]
[framerusercontent.com/images/jK8tAh3AqQJ2cydfA9irFFKf54.jpg]
[framerusercontent.com/images/TSi1Ir46nDdKGLdIZDFty9eQA8Q.png]
[framerusercontent.com/images/vpP1R57lGjjqjGAQ7aCEaev95Q.png]
[framerusercontent.com/images/dmThOJPZJN23IqaS36QHd9uG8xY.jpg]
[folioblox.framer.website/projects/nova-scene.html]
[framerusercontent.com/images/6YfZN4yhm4sRbATXIQyw3A5JUTg.png]
[framerusercontent.com/images/jEObnvoF9ZBtiXeDmEOw9q3N0.png]
[framerusercontent.com/images/3f1qhoye0OQyaXRov5IXDy91I8.png]
[framerusercontent.com/images/dvwjq2l7Q3WVXh7CApYHuEsx9Y.png]
[framerusercontent.com/images/NFXWQDeKDgwGxxlmOIr3nwAfog.png]
[folioblox.framer.website/projects/arched-pink.html]
[folioblox.framer.website/projects/liquid.html]
[framerusercontent.com/images/DGCUubx1VCEkYin1f1HRWbJGM.png]
[framerusercontent.com/images/G0BHbpPCJoxi6CAHEsm9TWbyG4.png]
[framerusercontent.com/images/WQ585nJOGdVuOvD3zmz1VDht5PA.png]
[framerusercontent.com/images/hQ6XzXBgqVuEI8ZXtTLutVTQI.png]
[framerusercontent.com/images/B0BoOQLoPcAANTKE19cfRzwWiZY.png]
[folioblox.framer.website/projects/fluid-shapes.html]
